FAILED: [code=2] CMakeFiles/primebds.dir/src/commands/java_parody/alist.cpp.obj 
C:\Users\mkate\OneDrive\Documents\GitHub\primebds\src\commands\java_parody\alist.cpp(22): error C2039: 'getAllowlistEntries': is not a member of 'primebds::db::ServerDB'
C:\Users\mkate\OneDrive\Documents\GitHub\primebds\src\commands\java_parody\alist.cpp(23): error C3536: 'allowed': cannot be used before it is initialized
C:\Users\mkate\OneDrive\Documents\GitHub\primebds\src\commands\java_parody\alist.cpp(29): error C3312: no callable 'begin' function found for type '<error>'
C:\Users\mkate\OneDrive\Documents\GitHub\primebds\src\commands\java_parody\alist.cpp(29): error C3312: no callable 'end' function found for type '<error>'
C:\Users\mkate\OneDrive\Documents\GitHub\primebds\src\commands\java_parody\alist.cpp(29): error C2530: 'name': references must be initialized
C:\Users\mkate\OneDrive\Documents\GitHub\primebds\src\commands\java_parody\alist.cpp(29): error C3531: 'name': a symbol whose type contains 'auto' must have an initializer
C:\Users\mkate\OneDrive\Documents\GitHub\primebds\src\commands\java_parody\alist.cpp(29): error C2143: syntax error: missing ';' before ':'
C:\Users\mkate\OneDrive\Documents\GitHub\primebds\src\commands\java_parody\alist.cpp(29): error C2143: syntax error: missing ';' before ')'
C:\Users\mkate\OneDrive\Documents\GitHub\primebds\src\commands\java_parody\alist.cpp(37): error C2039: 'addToAllowlist': is not a member of 'primebds::db::ServerDB'
C:\Users\mkate\OneDrive\Documents\GitHub\primebds\src\commands\java_parody\alist.cpp(51): error C2039: 'removeFromAllowlist': is not a member of 'primebds::db::ServerDB'
C:\Users\mkate\OneDrive\Documents\GitHub\primebds\src\commands\java_parody\alist.cpp(65): error C2039: 'isOnAllowlist': is not a member of 'primebds::db::ServerDB'
C:\Users\mkate\OneDrive\Documents\GitHub\primebds\src\commands\java_parody\alist.cpp(72): error C2039: 'getAllowlistProfiles': is not a member of 'primebds::db::ServerDB'
C:\Users\mkate\OneDrive\Documents\GitHub\primebds\src\commands\java_parody\alist.cpp(73): error C3536: 'profiles': cannot be used before it is initialized
C:\Users\mkate\OneDrive\Documents\GitHub\primebds\src\commands\java_parody\alist.cpp(79): error C3312: no callable 'begin' function found for type '<error>'
C:\Users\mkate\OneDrive\Documents\GitHub\primebds\src\commands\java_parody\alist.cpp(79): error C3312: no callable 'end' function found for type '<error>'
C:\Users\mkate\OneDrive\Documents\GitHub\primebds\src\commands\java_parody\alist.cpp(79): error C2530: 'p': references must be initialized
C:\Users\mkate\OneDrive\Documents\GitHub\primebds\src\commands\java_parody\alist.cpp(79): error C3531: 'p': a symbol whose type contains 'auto' must have an initializer
C:\Users\mkate\OneDrive\Documents\GitHub\primebds\src\commands\java_parody\alist.cpp(79): error C2143: syntax error: missing ';' before ':'
C:\Users\mkate\OneDrive\Documents\GitHub\primebds\src\commands\java_parody\alist.cpp(79): error C2143: syntax error: missing ';' before ')'
C:\Users\mkate\OneDrive\Documents\GitHub\primebds\src\commands\java_parody\alist.cpp(89): error C2039: 'createAllowlistProfile': is not a member of 'primebds::db::ServerDB'
C:\Users\mkate\OneDrive\Documents\GitHub\primebds\src\commands\java_parody\alist.cpp(103): error C2039: 'deleteAllowlistProfile': is not a member of 'primebds::db::ServerDB'
C:\Users\mkate\OneDrive\Documents\GitHub\primebds\src\commands\java_parody\alist.cpp(117): error C2039: 'setActiveAllowlistProfile': is not a member of 'primebds::db::ServerDB'
C:\Users\mkate\OneDrive\Documents\GitHub\primebds\src\commands\java_parody\alist.cpp(132): error C2039: 'setAllowlistInheritance': is not a member of 'primebds::db::ServerDB'
C:\Users\mkate\OneDrive\Documents\GitHub\primebds\src\commands\java_parody\alist.cpp(145): error C2039: 'clearAllowlist': is not a member of 'primebds::db::ServerDB'
FAILED: [code=2] CMakeFiles/primebds.dir/src/commands/message/motd.cpp.obj 
C:\Users\mkate\OneDrive\Documents\GitHub\primebds\src\commands\message\motd.cpp(27): error C2039: 'set': is not a member of 'primebds::config::ConfigManager'
FAILED: [code=2] CMakeFiles/primebds.dir/src/commands/server/permissions.cpp.obj 
C:\Users\mkate\OneDrive\Documents\GitHub\primebds\src\commands\server\permissions.cpp(3): fatal error C1083: Cannot open include file: 'primebds/utils/internal_permissions.h': No such file or directory
FAILED: [code=2] CMakeFiles/primebds.dir/src/commands/server/filterlist.cpp.obj 
C:\Users\mkate\OneDrive\Documents\GitHub\primebds\src\commands\server\filterlist.cpp(53): error C2039: 'getAllUsers': is not a member of 'primebds::db::UserDB'
C:\Users\mkate\OneDrive\Documents\GitHub\primebds\src\commands\server\filterlist.cpp(54): error C2530: 'u': references must be initialized
C:\Users\mkate\OneDrive\Documents\GitHub\primebds\src\commands\server\filterlist.cpp(54): error C3531: 'u': a symbol whose type contains 'auto' must have an initializer
C:\Users\mkate\OneDrive\Documents\GitHub\primebds\src\commands\server\filterlist.cpp(54): error C2143: syntax error: missing ';' before ':'
C:\Users\mkate\OneDrive\Documents\GitHub\primebds\src\commands\server\filterlist.cpp(54): error C3536: 'all_users': cannot be used before it is initialized
C:\Users\mkate\OneDrive\Documents\GitHub\primebds\src\commands\server\filterlist.cpp(54): error C2143: syntax error: missing ';' before ')'
C:\Users\mkate\OneDrive\Documents\GitHub\primebds\src\commands\server\filterlist.cpp(62): error C2039: 'getMutedUsers': is not a member of 'primebds::db::UserDB'
C:\Users\mkate\OneDrive\Documents\GitHub\primebds\src\commands\server\filterlist.cpp(63): error C2530: 'u': references must be initialized
C:\Users\mkate\OneDrive\Documents\GitHub\primebds\src\commands\server\filterlist.cpp(63): error C3531: 'u': a symbol whose type contains 'auto' must have an initializer
C:\Users\mkate\OneDrive\Documents\GitHub\primebds\src\commands\server\filterlist.cpp(63): error C2143: syntax error: missing ';' before ':'
C:\Users\mkate\OneDrive\Documents\GitHub\primebds\src\commands\server\filterlist.cpp(63): error C3536: 'muted': cannot be used before it is initialized
C:\Users\mkate\OneDrive\Documents\GitHub\primebds\src\commands\server\filterlist.cpp(63): error C2143: syntax error: missing ';' before ')'
C:\Users\mkate\OneDrive\Documents\GitHub\primebds\src\commands\server\filterlist.cpp(68): error C2039: 'getBannedUsers': is not a member of 'primebds::db::UserDB'
C:\Users\mkate\OneDrive\Documents\GitHub\primebds\src\commands\server\filterlist.cpp(69): error C2530: 'u': references must be initialized
C:\Users\mkate\OneDrive\Documents\GitHub\primebds\src\commands\server\filterlist.cpp(69): error C3531: 'u': a symbol whose type contains 'auto' must have an initializer
C:\Users\mkate\OneDrive\Documents\GitHub\primebds\src\commands\server\filterlist.cpp(69): error C2143: syntax error: missing ';' before ':'
C:\Users\mkate\OneDrive\Documents\GitHub\primebds\src\commands\server\filterlist.cpp(69): error C3536: 'banned': cannot be used before it is initialized
C:\Users\mkate\OneDrive\Documents\GitHub\primebds\src\commands\server\filterlist.cpp(69): error C2143: syntax error: missing ';' before ')'
C:\Users\mkate\OneDrive\Documents\GitHub\primebds\src\commands\server\filterlist.cpp(74): error C2039: 'getIPBannedUsers': is not a member of 'primebds::db::UserDB'
C:\Users\mkate\OneDrive\Documents\GitHub\primebds\src\commands\server\filterlist.cpp(75): error C2530: 'u': references must be initialized
C:\Users\mkate\OneDrive\Documents\GitHub\primebds\src\commands\server\filterlist.cpp(75): error C3531: 'u': a symbol whose type contains 'auto' must have an initializer
C:\Users\mkate\OneDrive\Documents\GitHub\primebds\src\commands\server\filterlist.cpp(75): error C2143: syntax error: missing ';' before ':'
C:\Users\mkate\OneDrive\Documents\GitHub\primebds\src\commands\server\filterlist.cpp(75): error C3536: 'ipbanned': cannot be used before it is initialized
C:\Users\mkate\OneDrive\Documents\GitHub\primebds\src\commands\server\filterlist.cpp(75): error C2143: syntax error: missing ';' before ')'
FAILED: [code=2] CMakeFiles/primebds.dir/src/commands/server/permissionslist.cpp.obj 
C:\Users\mkate\OneDrive\Documents\GitHub\primebds\src\commands\server\permissionslist.cpp(13): error C2039: 'getAllInternalPermissions': is not a member of 'primebds::db::UserDB'
C:\Users\mkate\OneDrive\Documents\GitHub\primebds\src\commands\server\permissionslist.cpp(14): error C3536: 'all': cannot be used before it is initialized
C:\Users\mkate\OneDrive\Documents\GitHub\primebds\src\commands\server\permissionslist.cpp(20): error C3312: no callable 'begin' function found for type '<error>'
C:\Users\mkate\OneDrive\Documents\GitHub\primebds\src\commands\server\permissionslist.cpp(20): error C3312: no callable 'end' function found for type '<error>'
C:\Users\mkate\OneDrive\Documents\GitHub\primebds\src\commands\server\permissionslist.cpp(20): error C2059: syntax error: ':'
C:\Users\mkate\OneDrive\Documents\GitHub\primebds\src\commands\server\permissionslist.cpp(21): error C2143: syntax error: missing ';' before '{'
C:\Users\mkate\OneDrive\Documents\GitHub\primebds\src\commands\server\permissionslist.cpp(22): error C2039: 'getUserByXuid': is not a member of 'primebds::db::UserDB'
C:\Users\mkate\OneDrive\Documents\GitHub\primebds\src\commands\server\permissionslist.cpp(22): error C2065: 'xuid': undeclared identifier
C:\Users\mkate\OneDrive\Documents\GitHub\primebds\src\commands\server\permissionslist.cpp(23): error C3536: 'user': cannot be used before it is initialized
C:\Users\mkate\OneDrive\Documents\GitHub\primebds\src\commands\server\permissionslist.cpp(23): error C2065: 'xuid': undeclared identifier
C:\Users\mkate\OneDrive\Documents\GitHub\primebds\src\commands\server\permissionslist.cpp(24): error C2065: 'perms': undeclared identifier
C:\Users\mkate\OneDrive\Documents\GitHub\primebds\src\commands\server\permissionslist.cpp(24): error C2059: syntax error: ':'
C:\Users\mkate\OneDrive\Documents\GitHub\primebds\src\commands\server\permissionslist.cpp(25): error C2143: syntax error: missing ';' before '{'
C:\Users\mkate\OneDrive\Documents\GitHub\primebds\src\commands\server\permissionslist.cpp(26): error C2065: 'perm': undeclared identifier
C:\Users\mkate\OneDrive\Documents\GitHub\primebds\src\commands\server\permissionslist.cpp(26): error C2065: 'value': undeclared identifier
C:\Users\mkate\OneDrive\Documents\GitHub\primebds\src\commands\server\permissionslist.cpp(41): error C2039: 'getInternalPermissions': is not a member of 'primebds::db::UserDB'
C:\Users\mkate\OneDrive\Documents\GitHub\primebds\src\commands\server\permissionslist.cpp(42): error C3536: 'perms': cannot be used before it is initialized
C:\Users\mkate\OneDrive\Documents\GitHub\primebds\src\commands\server\permissionslist.cpp(49): error C3312: no callable 'begin' function found for type '<error>'
C:\Users\mkate\OneDrive\Documents\GitHub\primebds\src\commands\server\permissionslist.cpp(49): error C3312: no callable 'end' function found for type '<error>'
C:\Users\mkate\OneDrive\Documents\GitHub\primebds\src\commands\server\permissionslist.cpp(49): error C2059: syntax error: ':'
C:\Users\mkate\OneDrive\Documents\GitHub\primebds\src\commands\server\permissionslist.cpp(50): error C2143: syntax error: missing ';' before '{'
C:\Users\mkate\OneDrive\Documents\GitHub\primebds\src\commands\server\permissionslist.cpp(51): error C2065: 'perm': undeclared identifier
C:\Users\mkate\OneDrive\Documents\GitHub\primebds\src\commands\server\permissionslist.cpp(51): error C2065: 'value': undeclared identifier
FAILED: [code=2] CMakeFiles/primebds.dir/src/commands/server/rank.cpp.obj 
C:\Users\mkate\OneDrive\Documents\GitHub\primebds\src\commands\server\rank.cpp(24): error C2039: 'getAllRanks': is not a member of 'primebds::db::ServerDB'
C:\Users\mkate\OneDrive\Documents\GitHub\primebds\src\commands\server\rank.cpp(25): error C3536: 'ranks': cannot be used before it is initialized
C:\Users\mkate\OneDrive\Documents\GitHub\primebds\src\commands\server\rank.cpp(31): error C3312: no callable 'begin' function found for type '<error>'
C:\Users\mkate\OneDrive\Documents\GitHub\primebds\src\commands\server\rank.cpp(31): error C3312: no callable 'end' function found for type '<error>'
C:\Users\mkate\OneDrive\Documents\GitHub\primebds\src\commands\server\rank.cpp(31): error C2530: 'r': references must be initialized
C:\Users\mkate\OneDrive\Documents\GitHub\primebds\src\commands\server\rank.cpp(31): error C3531: 'r': a symbol whose type contains 'auto' must have an initializer
C:\Users\mkate\OneDrive\Documents\GitHub\primebds\src\commands\server\rank.cpp(31): error C2143: syntax error: missing ';' before ':'
C:\Users\mkate\OneDrive\Documents\GitHub\primebds\src\commands\server\rank.cpp(31): error C2143: syntax error: missing ';' before ')'
C:\Users\mkate\OneDrive\Documents\GitHub\primebds\src\commands\server\rank.cpp(42): error C2039: 'createRank': is not a member of 'primebds::db::ServerDB'
C:\Users\mkate\OneDrive\Documents\GitHub\primebds\src\commands\server\rank.cpp(56): error C2039: 'deleteRank': is not a member of 'primebds::db::ServerDB'
C:\Users\mkate\OneDrive\Documents\GitHub\primebds\src\commands\server\rank.cpp(78): error C2039: 'setUserRank': is not a member of 'primebds::db::UserDB'
C:\Users\mkate\OneDrive\Documents\GitHub\primebds\src\commands\server\rank.cpp(86): error C2039: 'getRank': is not a member of 'primebds::db::ServerDB'
C:\Users\mkate\OneDrive\Documents\GitHub\primebds\src\commands\server\rank.cpp(87): error C3536: 'rank': cannot be used before it is initialized
C:\Users\mkate\OneDrive\Documents\GitHub\primebds\src\commands\server\rank.cpp(103): error C2530: 'p': references must be initialized
C:\Users\mkate\OneDrive\Documents\GitHub\primebds\src\commands\server\rank.cpp(103): error C3531: 'p': a symbol whose type contains 'auto' must have an initializer
C:\Users\mkate\OneDrive\Documents\GitHub\primebds\src\commands\server\rank.cpp(103): error C2143: syntax error: missing ';' before ':'
C:\Users\mkate\OneDrive\Documents\GitHub\primebds\src\commands\server\rank.cpp(103): error C2143: syntax error: missing ';' before ')'
C:\Users\mkate\OneDrive\Documents\GitHub\primebds\src\commands\server\rank.cpp(119): error C2039: 'addRankPermission': is not a member of 'primebds::db::ServerDB'
C:\Users\mkate\OneDrive\Documents\GitHub\primebds\src\commands\server\rank.cpp(130): error C2039: 'removeRankPermission': is not a member of 'primebds::db::ServerDB'
C:\Users\mkate\OneDrive\Documents\GitHub\primebds\src\commands\server\rank.cpp(146): error C2039: 'setRankInheritance': is not a member of 'primebds::db::ServerDB'
C:\Users\mkate\OneDrive\Documents\GitHub\primebds\src\commands\server\rank.cpp(155): error C2039: 'setRankWeight': is not a member of 'primebds::db::ServerDB'
C:\Users\mkate\OneDrive\Documents\GitHub\primebds\src\commands\server\rank.cpp(170): error C2039: 'setRankPrefix': is not a member of 'primebds::db::ServerDB'
C:\Users\mkate\OneDrive\Documents\GitHub\primebds\src\commands\server\rank.cpp(185): error C2039: 'setRankSuffix': is not a member of 'primebds::db::ServerDB'
FAILED: [code=2] CMakeFiles/primebds.dir/src/handlers/connections/join.cpp.obj 
C:\Users\mkate\OneDrive\Documents\GitHub\primebds\src\handlers\connections\join.cpp(63): error C2039: 'name': is not a member of 'primebds::db::Alt'
FAILED: [code=2] CMakeFiles/primebds.dir/src/utils/database/session_db.cpp.obj 
C:\Users\mkate\OneDrive\Documents\GitHub\primebds\src\utils\database\session_db.cpp(27): error C2511: 'void primebds::db::SessionDB::insertSession(const std::string &,const std::string &,const std::string &,const std::string &)': overloaded member function not found in 'primebds::db::SessionDB'
C:\Users\mkate\OneDrive\Documents\GitHub\primebds\src\utils\database\session_db.cpp(31): error C2352: 'primebds::db::DatabaseManager::execute': a call of a non-static member function requires an object
C:\Users\mkate\OneDrive\Documents\GitHub\primebds\src\utils\database\session_db.cpp(36): error C2511: 'void primebds::db::SessionDB::endSession(const std::string &)': overloaded member function not found in 'primebds::db::SessionDB'
C:\Users\mkate\OneDrive\Documents\GitHub\primebds\src\utils\database\session_db.cpp(39): error C2352: 'primebds::db::DatabaseManager::execute': a call of a non-static member function requires an object
C:\Users\mkate\OneDrive\Documents\GitHub\primebds\src\utils\database\session_db.cpp(44): error C2556: 'std::vector<std::map<std::string,std::string,std::less<std::string>,std::allocator<std::pair<const std::string,std::string>>>,std::allocator<std::map<std::string,std::string,std::less<std::string>,std::allocator<std::pair<const std::string,std::string>>>>> primebds::db::SessionDB::getActiveSessions(void)': overloaded function differs only by return type from 'std::vector<primebds::db::SessionDB::ActiveSession,std::allocator<primebds::db::SessionDB::ActiveSession>> primebds::db::SessionDB::getActiveSessions(void)'
C:\Users\mkate\OneDrive\Documents\GitHub\primebds\src\utils\database\session_db.cpp(44): error C2371: 'primebds::db::SessionDB::getActiveSessions': redefinition; different basic types
C:\Users\mkate\OneDrive\Documents\GitHub\primebds\src\utils\database\session_db.cpp(65): error C2039: 'getRecentSessions': is not a member of 'primebds::db::SessionDB'
C:\Users\mkate\OneDrive\Documents\GitHub\primebds\src\utils\database\session_db.cpp(68): error C3861: 'query': identifier not found
FAILED: [code=2] CMakeFiles/primebds.dir/src/plugin.cpp.obj 
C:\Users\mkate\OneDrive\Documents\GitHub\primebds\src\plugin.cpp(69): error C2665: 'endstone::PluginCommand::PluginCommand': no overloaded function could convert all the argument types
C:\Users\mkate\OneDrive\Documents\GitHub\primebds\src\plugin.cpp(83): error C3861: 'registerCommand': identifier not found
C:\Users\mkate\OneDrive\Documents\GitHub\primebds\src\plugin.cpp(98): error C2660: 'primebds::db::SessionDB::endSession': function does not take 1 arguments
C:\Users\mkate\OneDrive\Documents\GitHub\primebds\src\plugin.cpp(99): error C2039: 'updateLogoutPosition': is not a member of 'primebds::db::UserDB'
C:\Users\mkate\OneDrive\Documents\GitHub\primebds\src\plugin.cpp(150): error C2039: 'endAllActiveSessions': is not a member of 'primebds::db::SessionDB'
FAILED: [code=2] CMakeFiles/primebds.dir/src/utils/database/database_manager.cpp.obj 
C:\Users\mkate\OneDrive\Documents\GitHub\primebds\src\utils\database\database_manager.cpp(161): error C2039: 'set': is not a member of 'std'
C:\Users\mkate\OneDrive\Documents\GitHub\primebds\src\utils\database\database_manager.cpp(161): error C2275: 'std::string': expected an expression instead of a type
C:\Users\mkate\OneDrive\Documents\GitHub\primebds\src\utils\database\database_manager.cpp(161): error C3861: 'existing_set': identifier not found
C:\Users\mkate\OneDrive\Documents\GitHub\primebds\src\utils\database\database_manager.cpp(165): error C2065: 'existing_set': undeclared identifier
C:\Users\mkate\OneDrive\Documents\GitHub\primebds\src\utils\database\database_manager.cpp(165): error C2065: 'existing_set': undeclared identifier
FAILED: [code=2] CMakeFiles/primebds.dir/src/utils/time.cpp.obj 
C:\Users\mkate\OneDrive\Documents\GitHub\primebds\src\utils\time.cpp(34): error C3861: 'timegm': identifier not found
C:\Users\mkate\OneDrive\Documents\GitHub\primebds\src\utils\time.cpp(49): error C3861: 'timegm': identifier not found
C:\Users\mkate\OneDrive\Documents\GitHub\primebds\src\utils\time.cpp(65): error C3861: 'timegm': identifier not found
C:\Users\mkate\OneDrive\Documents\GitHub\primebds\src\utils\time.cpp(75): error C3861: 'timegm': identifier not found
FAILED: [code=2] CMakeFiles/primebds.dir/src/utils/database/server_db.cpp.obj 
C:\Users\mkate\OneDrive\Documents\GitHub\primebds\src\utils\database\server_db.cpp(272): error C2039: 'set': is not a member of 'std'
C:\Users\mkate\OneDrive\Documents\GitHub\primebds\src\utils\database\server_db.cpp(272): error C4430: missing type specifier - int assumed. Note: C++ does not support default-int
C:\Users\mkate\OneDrive\Documents\GitHub\primebds\src\utils\database\server_db.cpp(272): error C7568: argument list missing after assumed function template 'set'
C:\Users\mkate\OneDrive\Documents\GitHub\primebds\src\utils\database\server_db.cpp(272): error C2062: type '<error>' unexpected
C:\Users\mkate\OneDrive\Documents\GitHub\primebds\src\utils\database\server_db.cpp(272): error C2143: syntax error: missing ';' before '{'
C:\Users\mkate\OneDrive\Documents\GitHub\primebds\src\utils\database\server_db.cpp(274): error C2143: syntax error: missing ';' before '}'
C:\Users\mkate\OneDrive\Documents\GitHub\primebds\src\utils\database\server_db.cpp(275): error C2065: 'allowed': undeclared identifier
C:\Users\mkate\OneDrive\Documents\GitHub\primebds\src\utils\database\server_db.cpp(275): error C2065: 'allowed': undeclared identifier
FAILED: [code=2] CMakeFiles/primebds.dir/src/utils/intervals.cpp.obj 
C:\Users\mkate\OneDrive\Documents\GitHub\primebds\src\utils\intervals.cpp(43): error C2440: '=': cannot convert from 'std::shared_ptr<endstone::Task>' to 'endstone::Task *'
FAILED: [code=2] CMakeFiles/primebds.dir/src/utils/forms.cpp.obj 
C:\Users\mkate\OneDrive\Documents\GitHub\primebds\src\utils\forms.cpp(42): error C2664: 'endstone::ActionForm &endstone::ActionForm::setOnSubmit(endstone::ActionForm::OnSubmitCallback)': cannot convert argument 1 from 'primebds::utils::ActionFormBuilder::show::<lambda_1>' to 'endstone::ActionForm::OnSubmitCallback'
C:\Users\mkate\OneDrive\Documents\GitHub\primebds\src\utils\forms.cpp(46): error C2664: 'T &endstone::Form<T>::setOnClose(endstone::Form<T>::OnCloseCallback)': cannot convert argument 1 from 'primebds::utils::ActionFormBuilder::show::<lambda_2>' to 'endstone::Form<endstone::ActionForm>::OnCloseCallback'
C:\Users\mkate\OneDrive\Documents\GitHub\primebds\src\utils\forms.cpp(131): error C2664: 'endstone::ModalForm &endstone::ModalForm::setOnSubmit(endstone::ModalForm::OnSubmitCallback)': cannot convert argument 1 from 'primebds::utils::ModalFormBuilder::show::<lambda_1>' to 'endstone::ModalForm::OnSubmitCallback'
C:\Users\mkate\OneDrive\Documents\GitHub\primebds\src\utils\forms.cpp(153): error C2664: 'T &endstone::Form<T>::setOnClose(endstone::Form<T>::OnCloseCallback)': cannot convert argument 1 from 'primebds::utils::ModalFormBuilder::show::<lambda_2>' to 'endstone::Form<endstone::ModalForm>::OnCloseCallback'
C:\Users\mkate\OneDrive\Documents\GitHub\primebds\src\utils\forms.cpp(197): error C2664: 'endstone::MessageForm &endstone::MessageForm::setOnSubmit(endstone::MessageForm::OnSubmitCallback)': cannot convert argument 1 from 'primebds::utils::MessageFormBuilder::show::<lambda_1>' to 'endstone::MessageForm::OnSubmitCallback'
C:\Users\mkate\OneDrive\Documents\GitHub\primebds\src\utils\forms.cpp(201): error C2664: 'T &endstone::Form<T>::setOnClose(endstone::Form<T>::OnCloseCallback)': cannot convert argument 1 from 'primebds::utils::MessageFormBuilder::show::<lambda_2>' to 'endstone::Form<endstone::MessageForm>::OnCloseCallback'
FAILED: [code=2] CMakeFiles/primebds.dir/src/utils/target_selector.cpp.obj 
C:\Users\mkate\OneDrive\Documents\GitHub\primebds\src\utils\target_selector.cpp(185): error C2512: 'endstone::Location': no appropriate default constructor available
C:\Users\mkate\OneDrive\Documents\GitHub\primebds\src\utils\target_selector.cpp(198): error C2440: '<function-style-cast>': cannot convert from 'initializer list' to 'endstone::Location'
FAILED: [code=2] CMakeFiles/primebds.dir/src/utils/permissions/permission_manager.cpp.obj 
C:\Users\mkate\OneDrive\Documents\GitHub\primebds\src\utils\permissions\permission_manager.cpp(331): error C3535: cannot deduce type for 'auto *' from 'const endstone::PluginDescription'
C:\Users\mkate\OneDrive\Documents\GitHub\primebds\src\utils\permissions\permission_manager.cpp(331): error C2440: 'initializing': cannot convert from 'const endstone::PluginDescription' to '<error type> *'
C:\Users\mkate\OneDrive\Documents\GitHub\primebds\src\utils\permissions\permission_manager.cpp(335): error C2530: 'perms': references must be initialized
C:\Users\mkate\OneDrive\Documents\GitHub\primebds\src\utils\permissions\permission_manager.cpp(336): error C3536: 'perms': cannot be used before it is initialized
C:\Users\mkate\OneDrive\Documents\GitHub\primebds\src\utils\permissions\permission_manager.cpp(339): error C2109: subscript requires array or pointer type
C:\Users\mkate\OneDrive\Documents\GitHub\primebds\src\utils\permissions\permission_manager.cpp(340): error C3536: 'name': cannot be used before it is initialized
C:\Users\mkate\OneDrive\Documents\GitHub\primebds\src\utils\permissions\permission_manager.cpp(341): error C3536: 'dot': cannot be used before it is initialized
